// 重构日志: 138e5297
// 重构日志: c74d46ce
// 重构日志: eda0088f
// 重构日志: 14c25557
// 重构日志: fe115856
// 重构日志: 36576a99
// 重构日志: 16d1230e
// 重构日志: 40c5f65b
// 同步 ID: b72bbd23 @ Fri Jul 24 07:59:38 UTC 2026
// 重构日志: ee119989
// 重构日志: 202f9641
// 同步 ID: d812babb @ Sun Jul 26 12:22:17 UTC 2026
// 重构日志: b61d4195
// 重构日志: d2676902
// 重构日志: 437cf29b
// 同步 ID: 835c6c6e @ Wed Aug  5 16:28:41 UTC 2026
// 同步 ID: 115cd248 @ Thu Aug  6 00:36:46 UTC 2026
// 同步 ID: 4f5c6e90 @ Fri Aug  7 02:05:23 UTC 2026
// 同步 ID: 9e723c34 @ Fri Aug  7 06:38:04 UTC 2026
// 重构日志: bd4b160a
// 同步 ID: 545082b4 @ Fri Aug  7 14:52:58 UTC 2026
// 同步 ID: 74e775ff @ Fri Aug  7 17:40:43 UTC 2026
// 重构日志: f040ea9e
// 同步 ID: 681c0a39 @ Sat Aug  8 04:53:29 UTC 2026
// 重构日志: d0a61aac
